SPEC core_deadline_cure
METADATA CURRENCY "USD"
METADATA SOURCE seal seller
ACTIVATION OK
BLOCK OK
TYPES OK
TERM 1 MUST seller deliver_goods DEADLINE 1785542400 : BREACHED 1785542400 CURE BREACHED 1785974400
TERM 2 ON_BREACH seller : BOUND 1
TERM 3 MUST_NOT seller ship_unsealed : BREACHED 1786233600
INVARIANT seal_checked : F
