SPEC core_stale_block
METADATA JURISDICTION "EU"
METADATA SOURCE sanctioned oracle_a
METADATA SOURCE claim oracle_a
ACTIVATION OK
BLOCK OK
TYPES OK
TERM 1 MUST insurer review_claim DEADLINE 1772496000 : BREACHED 1772496000 ESCALATED auditor FULFILLED
TERM 2 ON_BREACH insurer : BOUND 1
TERM 3 MUST_NOT insurer pay_claim : PENDING
INVARIANT not_sanctioned : U
